---
source: crates/gr-runtime-model/src/lib.rs
assertion_line: 394
expression: "serde_yaml::to_string(&plan).expect(\"session plan yaml\")"
---
session_id: 7
profile_id: dualsense
requested_goal: identity-aware
requested_fidelity_tier: identity-aware
capability_result: {}
degradation:
  degraded: false
deployment_requirements: {}
session_options:
  accepted_update_kinds:
  - frame
  - delta
  unknown_field_policy: reject
  range_validation_policy: reject
  coerce_integer_like_values: false
  allow_missing_optional_fields: true
  require_monotonic_sequence: false
  preferred_provider: linux-uhid
  reject_unsupported_provider_preference: true
  delivery_policy: !callback
    callback_namespace: virtualGamepad
  backpressure_policy: !drop-oldest
    log_dropped_outputs: true
    max_queue_depth: 8
