---
source: crates/gr-cli/src/lib.rs
assertion_line: 1870
expression: output
---
command: gr-cli support-report
requested_tier: compatibility
profiles:
- profile_id: generic-gamepad
  display_name: Generic gamepad
  provider: linux-uinput
  backend_family: linux-uinput
  forward_support: full
  reverse_support: full
  supported_output_functions:
  - rumble
  unsupported_output_functions: []
  evidence:
  - check: command-surface
    status: scaffolded
    detail: run-uinput-smoke is available in gr-cli and vgpd-demo
  - check: tier-b-runner
    status: scaffolded
    detail: privileged Linux workflow is wired for manual/nightly execution
  - check: device-creation
    status: pending-linux-host
    detail: open /dev/uinput for profile `generic-gamepad`
  - check: reverse-path
    status: pending-linux-host
    detail: ev-ff-rumble-only
  command_hint: gr-cli run-uinput-smoke generic-gamepad
  notes:
  - phase 8 prep surface only; no /dev/uinput access yet
  - compatibility tier reverse path is limited to EV_FF rumble
  - 'kernel boundary: deferred-linux-kernel-ioctl'
  - 'future device name prefix: virtualgamepad'
